// Jest Snapshot v1, https://goo.gl/fbAQLP

exports[`Matches snapshot 1`] = `
<DocumentFragment>
  <button
    class="css-l33wsp-buttonBaseClass-solid-medium-none"
  >
    <span
      class="css-1ezqju9-Button"
      style="visibility: visible;"
    >
       Test Button
    </span>
    <span
      class="css-61oj3j-Button"
      style="visibility: hidden;"
    >
      <svg
        fill="currentColor"
        height="24px"
        viewBox="0 0 128 128"
        width="24px"
        xml:space="preserve"
        xmlns="http://www.w3.org/2000/svg"
      >
        <g>
          <circle
            cx="16"
            cy="64"
            r="16"
          />
          <circle
            cx="16"
            cy="64"
            r="14.344"
            transform="rotate(45 64 64)"
          />
          <circle
            cx="16"
            cy="64"
            r="12.531"
            transform="rotate(90 64 64)"
          />
          <circle
            cx="16"
            cy="64"
            r="10.75"
            transform="rotate(135 64 64)"
          />
          <circle
            cx="16"
            cy="64"
            r="10.063"
            transform="rotate(180 64 64)"
          />
          <circle
            cx="16"
            cy="64"
            r="8.063"
            transform="rotate(225 64 64)"
          />
          <circle
            cx="16"
            cy="64"
            r="6.438"
            transform="rotate(270 64 64)"
          />
          <circle
            cx="16"
            cy="64"
            r="5.375"
            transform="rotate(315 64 64)"
          />
          <animatetransform
            attributeName="transform"
            calcMode="discrete"
            dur="700ms"
            repeatCount="indefinite"
            type="rotate"
            values="0 64 64;315 64 64;270 64 64;225 64 64;180 64 64;135 64 64;90 64 64;45 64 64"
          />
        </g>
      </svg>
    </span>
  </button>
</DocumentFragment>
`;
